---
source: dump/src/reader/compat/v2_to_v3.rs
expression: products.settings()
---
Ok(
    Settings {
        displayed_attributes: Reset,
        searchable_attributes: Reset,
        filterable_attributes: Set(
            {},
        ),
        sortable_attributes: NotSet,
        ranking_rules: Set(
            [
                "words",
                "typo",
                "proximity",
                "attribute",
                "exactness",
            ],
        ),
        stop_words: Set(
            {},
        ),
        synonyms: Set(
            {
                "android": [
                    "phone",
                    "smartphone",
                ],
                "iphone": [
                    "phone",
                    "smartphone",
                ],
                "phone": [
                    "android",
                    "iphone",
                    "smartphone",
                ],
            },
        ),
        distinct_attribute: Reset,
        _kind: PhantomData<dump::reader::v3::settings::Checked>,
    },
)
