---
source: dump/src/reader/compat/v3_to_v4.rs
expression: keys
---
[]
