---
source: dump/src/reader/compat/v2_to_v3.rs
expression: documents
---
[]
