---
source: dump/src/reader/mod.rs
expression: documents
---
[]
