---
source: dump/src/reader/mod.rs
expression: keys
---
[]
