---
source: index-scheduler/src/lib.rs
expression: snapshot_index_scheduler(&index_scheduler)
---
### Processing Tasks:
[]
----------------------------------------------------------------------
### All Tasks:
0 {uid: 0, status: enqueued, details: { received_documents: 1, indexed_documents: 0 }, kind: DocumentImport { index_uid: "doggos", primary_key: Some("id"), method: ReplaceDocuments, content_file: 00000000-0000-0000-0000-000000000000, documents_count: 1, allow_index_creation: true }}
----------------------------------------------------------------------
### Status:
enqueued [0,]
----------------------------------------------------------------------
### Kind:
{"documentImport":{"method":"ReplaceDocuments","allow_index_creation":true}} [0,]
----------------------------------------------------------------------
### Index Tasks:
doggos [0,]
----------------------------------------------------------------------
### Index Mapper:
[]
----------------------------------------------------------------------

