---
source: index-scheduler/src/lib.rs
expression: snapshot_index_scheduler(&index_scheduler)
---
### Autobatching Enabled = true
### Processing Tasks:
[]
----------------------------------------------------------------------
### All Tasks:
1 {uid: 1, status: succeeded, details: { received_documents: 1, indexed_documents: 1 }, kind: DocumentImport { index_uid: "doggo", primary_key: Some("bone"), method: ReplaceDocuments, content_file: 00000000-0000-0000-0000-000000000001, documents_count: 1, allow_index_creation: true }}
2 {uid: 2, status: succeeded, details: { matched_tasks: 1, deleted_tasks: Some(1), original_query: "test_query" }, kind: DeleteTasks { query: "test_query", tasks: [0] }}
----------------------------------------------------------------------
### Status:
enqueued []
succeeded [1,2,]
----------------------------------------------------------------------
### Kind:
{"documentImport":{"method":"ReplaceDocuments","allow_index_creation":true}} [1,]
"deleteTasks" [2,]
----------------------------------------------------------------------
### Index Tasks:
catto []
doggo [1,]
----------------------------------------------------------------------
### Index Mapper:
["catto"]
----------------------------------------------------------------------

