---
source: dump/src/reader/v2/mod.rs
expression: movies.settings()
---
Ok(
    Settings {
        displayed_attributes: Some(
            None,
        ),
        searchable_attributes: Some(
            None,
        ),
        filterable_attributes: Some(
            Some(
                {},
            ),
        ),
        ranking_rules: Some(
            Some(
                [
                    "words",
                    "typo",
                    "proximity",
                    "attribute",
                    "exactness",
                    "asc(release_date)",
                ],
            ),
        ),
        stop_words: Some(
            Some(
                {},
            ),
        ),
        synonyms: Some(
            Some(
                {},
            ),
        ),
        distinct_attribute: Some(
            None,
        ),
        _kind: PhantomData<dump::reader::v2::settings::Checked>,
    },
)
