---
source: dump/src/reader/v2/mod.rs
expression: documents
---
[]
