---
source: dump/src/reader/v3/mod.rs
expression: documents
---
[]
