---
source: index-scheduler/src/lib.rs
---
### Autobatching Enabled = true
### Processing Tasks:
[]
----------------------------------------------------------------------
### All Tasks:
0 {uid: 0, status: enqueued, details: { received_documents: 1, indexed_documents: None }, kind: DocumentImport { index_uid: "catto", primary_key: None, method: ReplaceDocuments, content_file: 00000000-0000-0000-0000-000000000000, documents_count: 1, allow_index_creation: true }}
1 {uid: 1, status: enqueued, details: { received_documents: 1, indexed_documents: None }, kind: DocumentImport { index_uid: "doggo", primary_key: Some("bone"), method: ReplaceDocuments, content_file: 00000000-0000-0000-0000-000000000001, documents_count: 1, allow_index_creation: true }}
----------------------------------------------------------------------
### Status:
enqueued [0,1,]
----------------------------------------------------------------------
### Kind:
"documentImport" [0,1,]
----------------------------------------------------------------------
### Index Tasks:
catto [0,]
doggo [1,]
----------------------------------------------------------------------
### Index Mapper:
[]
----------------------------------------------------------------------

