---
source: index-scheduler/src/lib.rs
---
### Autobatching Enabled = true
### Processing Tasks:
[]
----------------------------------------------------------------------
### All Tasks:
1 {uid: 1, status: enqueued, details: { received_documents: 1, indexed_documents: 0 }, kind: DocumentImport { index_uid: "doggo", primary_key: Some("bone"), method: ReplaceDocuments, content_file: 00000000-0000-0000-0000-000000000001, documents_count: 1, allow_index_creation: true }}
2 {uid: 2, status: succeeded, details: { matched_tasks: 1, deleted_tasks: Some(1), original_query: "test_query" }, kind: TaskDeletion { query: "test_query", tasks: RoaringBitmap<[0]> }}
3 {uid: 3, status: succeeded, details: { matched_tasks: 1, deleted_tasks: Some(1), original_query: "test_query" }, kind: TaskDeletion { query: "test_query", tasks: RoaringBitmap<[0]> }}
----------------------------------------------------------------------
### Status:
enqueued [1,]
succeeded [2,3,]
----------------------------------------------------------------------
### Kind:
"documentImport" [1,]
"taskDeletion" [2,3,]
----------------------------------------------------------------------
### Index Tasks:
catto []
doggo [1,]
----------------------------------------------------------------------
### Index Mapper:
["catto"]
----------------------------------------------------------------------

